{
  "Entries": [
    {
      "RequestUri": "/subscriptions/2c224e7e-3ef5-431d-a57b-e71f4662e3a6/providers?&api-version=2014-04-01-preview",
      "EncodedRequestUri": "L3N1YnNjcmlwdGlvbnMvMmMyMjRlN2UtM2VmNS00MzFkLWE1N2ItZTcxZjQ2NjJlM2E2L3Byb3ZpZGVycz8mYXBpLXZlcnNpb249MjAxNC0wNC0wMS1wcmV2aWV3",
      "RequestMethod": "GET",
      "RequestBody": "",
      "RequestHeaders": {
        "User-Agent": [
          "Microsoft.Azure.Management.Resources.ResourceManagementClient/2.0.0.0"
        ]
      },
      "ResponseBody": "{\r\n  \"value\": [\r\n    {\r\n      \"id\": \"/subscriptions/2c224e7e-3ef5-431d-a57b-e71f4662e3a6/providers/Microsoft.ApiManagement\",\r\n      \"namespace\": \"Microsoft.ApiManagement\",\r\n      \"resourceTypes\": [\r\n        {\r\n          \"resourceType\": \"service\",\r\n          \"locations\": [\r\n            \"North Central US\",\r\n            \"East US\",\r\n            \"West US\",\r\n            \"North Europe\",\r\n            \"West Europe\",\r\n            \"East Asia\"\r\n          ],\r\n          \"apiVersions\": [\r\n            \"2014-02-14\"\r\n          ]\r\n        }\r\n      ],\r\n      \"registrationState\": \"Registered\"\r\n    },\r\n    {\r\n      \"id\": \"/subscriptions/2c224e7e-3ef5-431d-a57b-e71f4662e3a6/providers/microsoft.batch\",\r\n      \"namespace\": \"microsoft.batch\",\r\n      \"resourceTypes\": [\r\n        {\r\n          \"resourceType\": \"batchAccounts\",\r\n          \"locations\": [\r\n            \"West US\",\r\n            \"East US\",\r\n            \"East US 2\",\r\n            \"North Central US\",\r\n            \"South Central US\",\r\n            \"Central US\",\r\n            \"West Europe\",\r\n            \"North Europe\",\r\n            \"East Asia\",\r\n            \"Southeast Asia\",\r\n            \"Japan West\",\r\n            \"Japan East\",\r\n            \"Brazil South\"\r\n          ],\r\n          \"apiVersions\": [\r\n            \"2014-05-01-privatepreview\"\r\n          ]\r\n        }\r\n      ],\r\n      \"registrationState\": \"Registering\"\r\n    },\r\n    {\r\n      \"id\": \"/subscriptions/2c224e7e-3ef5-431d-a57b-e71f4662e3a6/providers/microsoft.cache\",\r\n      \"namespace\": \"microsoft.cache\",\r\n      \"resourceTypes\": [\r\n        {\r\n          \"resourceType\": \"Redis\",\r\n          \"locations\": [\r\n            \"North Central US\",\r\n            \"South Central US\",\r\n            \"West Europe\",\r\n            \"North Europe\",\r\n            \"West US\",\r\n            \"East US\",\r\n            \"East US 2\",\r\n            \"Japan East\",\r\n            \"Japan West\",\r\n            \"Brazil South\",\r\n            \"Southeast Asia\",\r\n            \"East Asia\"\r\n          ],\r\n          \"apiVersions\": [\r\n            \"2014-04-01-preview\",\r\n            \"2014-04-01\"\r\n          ]\r\n        },\r\n        {\r\n          \"resourceType\": \"checkNameAvailability\",\r\n          \"locations\": [\r\n            \"\"\r\n          ],\r\n          \"apiVersions\": [\r\n            \"2014-04-01-preview\"\r\n          ]\r\n        },\r\n        {\r\n          \"resourceType\": \"Redis/metrics\",\r\n          \"locations\": [\r\n            \"North Central US\",\r\n            \"South Central US\",\r\n            \"East US\",\r\n            \"East US 2\",\r\n            \"West US\",\r\n            \"Central US\",\r\n            \"East Asia\",\r\n            \"Southeast Asia\",\r\n            \"North Europe\",\r\n            \"West Europe\",\r\n            \"Japan East\",\r\n            \"Japan West\",\r\n            \"Brazil South\"\r\n          ],\r\n          \"apiVersions\": [\r\n            \"2014-04-01\"\r\n          ]\r\n        },\r\n        {\r\n          \"resourceType\": \"Redis/metricDefinitions\",\r\n          \"locations\": [\r\n            \"North Central US\",\r\n            \"South Central US\",\r\n            \"East US\",\r\n            \"East US 2\",\r\n            \"West US\",\r\n            \"Central US\",\r\n            \"East Asia\",\r\n            \"Southeast Asia\",\r\n            \"North Europe\",\r\n            \"West Europe\",\r\n            \"Japan East\",\r\n            \"Japan West\",\r\n            \"Brazil South\"\r\n          ],\r\n          \"apiVersions\": [\r\n            \"2014-04-01\"\r\n          ]\r\n        }\r\n      ],\r\n      \"registrationState\": \"Registered\"\r\n    },\r\n    {\r\n      \"id\": \"/subscriptions/2c224e7e-3ef5-431d-a57b-e71f4662e3a6/providers/microsoft.insights\",\r\n      \"namespace\": \"microsoft.insights\",\r\n      \"resourceTypes\": [\r\n        {\r\n          \"resourceType\": \"alertrules\",\r\n          \"locations\": [\r\n            \"West US\",\r\n            \"East US\"\r\n          ],\r\n          \"apiVersions\": [\r\n            \"2014-04-01\",\r\n            \"2014-04\"\r\n          ]\r\n        },\r\n        {\r\n          \"resourceType\": \"autoscalesettings\",\r\n          \"locations\": [\r\n            \"West US\",\r\n            \"East US\"\r\n          ],\r\n          \"apiVersions\": [\r\n            \"2014-04-01\",\r\n            \"2014-04\"\r\n          ]\r\n        },\r\n        {\r\n          \"resourceType\": \"components\",\r\n          \"locations\": [\r\n            \"\",\r\n            \"Central US\"\r\n          ],\r\n          \"apiVersions\": [\r\n            \"2014-04\",\r\n            \"2014-03-31-beta\",\r\n            \"2014-03-31-alpha\"\r\n          ]\r\n        },\r\n        {\r\n          \"resourceType\": \"eventtypes\",\r\n          \"locations\": [\r\n            \"\"\r\n          ],\r\n          \"apiVersions\": [\r\n            \"2014-04-01\",\r\n            \"2014-04\"\r\n          ]\r\n        },\r\n        {\r\n          \"resourceType\": \"metricDefinitionNamespace\",\r\n          \"locations\": [\r\n            \"\"\r\n          ],\r\n          \"apiVersions\": [\r\n            \"2014-01\"\r\n          ]\r\n        },\r\n        {\r\n          \"resourceType\": \"metricDefinitions\",\r\n          \"locations\": [\r\n            \"\"\r\n          ],\r\n          \"apiVersions\": [\r\n            \"2014-04-01\",\r\n            \"2014-01\"\r\n          ]\r\n        },\r\n        {\r\n          \"resourceType\": \"metricNamespace\",\r\n          \"locations\": [\r\n            \"\"\r\n          ],\r\n          \"apiVersions\": [\r\n            \"2014-01\"\r\n          ]\r\n        },\r\n        {\r\n          \"resourceType\": \"metrics\",\r\n          \"locations\": [\r\n            \"\"\r\n          ],\r\n          \"apiVersions\": [\r\n            \"2014-04-01\",\r\n            \"2014-01\"\r\n          ]\r\n        },\r\n        {\r\n          \"resourceType\": \"webtests\",\r\n          \"locations\": [\r\n            \"\",\r\n            \"Central US\"\r\n          ],\r\n          \"apiVersions\": [\r\n            \"2014-04\",\r\n            \"2014-03-31-beta\",\r\n            \"2014-03-31-alpha\"\r\n          ]\r\n        }\r\n      ],\r\n      \"registrationState\": \"Registered\"\r\n    },\r\n    {\r\n      \"id\": \"/subscriptions/2c224e7e-3ef5-431d-a57b-e71f4662e3a6/providers/Microsoft.Web\",\r\n      \"namespace\": \"Microsoft.Web\",\r\n      \"resourceTypes\": [\r\n        {\r\n          \"resourceType\": \"certificates\",\r\n          \"locations\": [\r\n            \"Brazil South\",\r\n            \"East Asia\",\r\n            \"East US\",\r\n            \"Japan East\",\r\n            \"Japan West\",\r\n            \"North Central US\",\r\n            \"North Europe\",\r\n            \"South Central US\",\r\n            \"West Europe\",\r\n            \"West US\",\r\n            \"Southeast Asia\",\r\n            \"Central US\",\r\n            \"East US 2\",\r\n            \"MSFT West US\",\r\n            \"MSFT East US\",\r\n            \"MSFT East Asia\",\r\n            \"MSFT North Europe\"\r\n          ],\r\n          \"apiVersions\": []\r\n        },\r\n        {\r\n          \"resourceType\": \"serverFarms\",\r\n          \"locations\": [\r\n            \"Brazil South\",\r\n            \"East Asia\",\r\n            \"East US\",\r\n            \"Japan East\",\r\n            \"Japan West\",\r\n            \"North Central US\",\r\n            \"North Europe\",\r\n            \"South Central US\",\r\n            \"West Europe\",\r\n            \"West US\",\r\n            \"Southeast Asia\",\r\n            \"Central US\",\r\n            \"East US 2\",\r\n            \"MSFT West US\",\r\n            \"MSFT East US\",\r\n            \"MSFT East Asia\",\r\n            \"MSFT North Europe\"\r\n          ],\r\n          \"apiVersions\": []\r\n        },\r\n        {\r\n          \"resourceType\": \"sites\",\r\n          \"locations\": [\r\n            \"Brazil South\",\r\n            \"East Asia\",\r\n            \"East US\",\r\n            \"Japan East\",\r\n            \"Japan West\",\r\n            \"North Central US\",\r\n            \"North Europe\",\r\n            \"South Central US\",\r\n            \"West Europe\",\r\n            \"West US\",\r\n            \"Southeast Asia\",\r\n            \"Central US\",\r\n            \"East US 2\",\r\n            \"MSFT West US\",\r\n            \"MSFT East US\",\r\n            \"MSFT East Asia\",\r\n            \"MSFT North Europe\"\r\n          ],\r\n          \"apiVersions\": []\r\n        }\r\n      ],\r\n      \"registrationState\": \"Registering\"\r\n    },\r\n    {\r\n      \"id\": \"/subscriptions/2c224e7e-3ef5-431d-a57b-e71f4662e3a6/providers/successbricks.cleardb\",\r\n      \"namespace\": \"successbricks.cleardb\",\r\n      \"resourceTypes\": [\r\n        {\r\n          \"resourceType\": \"databases\",\r\n          \"locations\": [\r\n            \"Brazil South\",\r\n            \"Central US\",\r\n            \"East Asia\",\r\n            \"East US\",\r\n            \"East US 2\",\r\n            \"Japan East\",\r\n            \"Japan West\",\r\n            \"North Central US\",\r\n            \"North Europe\",\r\n            \"South Central US\",\r\n            \"Southeast Asia\",\r\n            \"West Europe\",\r\n            \"West US\"\r\n          ],\r\n          \"apiVersions\": []\r\n        }\r\n      ],\r\n      \"registrationState\": \"Registered\"\r\n    },\r\n    {\r\n      \"id\": \"/subscriptions/2c224e7e-3ef5-431d-a57b-e71f4662e3a6/providers/Microsoft.BizTalkServices\",\r\n      \"namespace\": \"Microsoft.BizTalkServices\",\r\n      \"resourceTypes\": [\r\n        {\r\n          \"resourceType\": \"BizTalk\",\r\n          \"locations\": [\r\n            \"East US\",\r\n            \"West US\",\r\n            \"North Europe\",\r\n            \"West Europe\",\r\n            \"Southeast Asia\",\r\n            \"East Asia\",\r\n            \"North Central US\",\r\n            \"Japan West\",\r\n            \"Japan East\",\r\n            \"South Central US\"\r\n          ],\r\n          \"apiVersions\": []\r\n        }\r\n      ],\r\n      \"registrationState\": \"NotRegistered\"\r\n    },\r\n    {\r\n      \"id\": \"/subscriptions/2c224e7e-3ef5-431d-a57b-e71f4662e3a6/providers/Microsoft.ClassicCompute\",\r\n      \"namespace\": \"Microsoft.ClassicCompute\",\r\n      \"resourceTypes\": [\r\n        {\r\n          \"resourceType\": \"domainNames\",\r\n          \"locations\": [\r\n            \"East Asia\",\r\n            \"Southeast Asia\",\r\n            \"East US\",\r\n            \"East US 2\",\r\n            \"West US\",\r\n            \"North Central US\",\r\n            \"South Central US\",\r\n            \"Central US\",\r\n            \"North Europe\",\r\n            \"West Europe\",\r\n            \"Japan East\",\r\n            \"Japan West\",\r\n            \"Brazil South\"\r\n          ],\r\n          \"apiVersions\": [\r\n            \"2014-06-01\",\r\n            \"2014-01-01\"\r\n          ]\r\n        },\r\n        {\r\n          \"resourceType\": \"virtualMachines\",\r\n          \"locations\": [\r\n            \"East Asia\",\r\n            \"Southeast Asia\",\r\n            \"East US\",\r\n            \"East US 2\",\r\n            \"West US\",\r\n            \"North Central US\",\r\n            \"South Central US\",\r\n            \"Central US\",\r\n            \"North Europe\",\r\n            \"West Europe\",\r\n            \"Japan East\",\r\n            \"Japan West\",\r\n            \"Brazil South\"\r\n          ],\r\n          \"apiVersions\": [\r\n            \"2014-06-01\",\r\n            \"2014-04-01\",\r\n            \"2014-01-01\"\r\n          ]\r\n        },\r\n        {\r\n          \"resourceType\": \"capabilities\",\r\n          \"locations\": [\r\n            \"\"\r\n          ],\r\n          \"apiVersions\": [\r\n            \"2014-06-01\"\r\n          ]\r\n        },\r\n        {\r\n          \"resourceType\": \"quotas\",\r\n          \"locations\": [\r\n            \"\"\r\n          ],\r\n          \"apiVersions\": [\r\n            \"2014-06-01\",\r\n            \"2014-01-01\"\r\n          ]\r\n        },\r\n        {\r\n          \"resourceType\": \"virtualMachines/diagnosticSettings\",\r\n          \"locations\": [\r\n            \"East US\",\r\n            \"East US 2\",\r\n            \"North Central US\",\r\n            \"North Europe\",\r\n            \"West Europe\",\r\n            \"Brazil South\",\r\n            \"West US\",\r\n            \"Central US\",\r\n            \"South Central US\",\r\n            \"Japan East\",\r\n            \"Japan West\",\r\n            \"East Asia\",\r\n            \"Southeast Asia\"\r\n          ],\r\n          \"apiVersions\": [\r\n            \"2014-04-01\"\r\n          ]\r\n        },\r\n        {\r\n          \"resourceType\": \"virtualMachines/metricDefinitions\",\r\n          \"locations\": [\r\n            \"East US\",\r\n            \"East US 2\",\r\n            \"North Central US\",\r\n            \"North Europe\",\r\n            \"West Europe\",\r\n            \"Brazil South\",\r\n            \"West US\",\r\n            \"Central US\",\r\n            \"South Central US\",\r\n            \"Japan East\",\r\n            \"Japan West\",\r\n            \"East Asia\",\r\n            \"Southeast Asia\"\r\n          ],\r\n          \"apiVersions\": [\r\n            \"2014-04-01\"\r\n          ]\r\n        },\r\n        {\r\n          \"resourceType\": \"virtualMachines/metrics\",\r\n          \"locations\": [\r\n            \"North Central US\",\r\n            \"South Central US\",\r\n            \"East US\",\r\n            \"East US 2\",\r\n            \"West US\",\r\n            \"Central US\",\r\n            \"East Asia\",\r\n            \"Southeast Asia\",\r\n            \"North Europe\",\r\n            \"West Europe\",\r\n            \"Japan East\",\r\n            \"Japan West\",\r\n            \"Brazil South\"\r\n          ],\r\n          \"apiVersions\": [\r\n            \"2014-04-01\"\r\n          ]\r\n        }\r\n      ],\r\n      \"registrationState\": \"Registered\"\r\n    },\r\n    {\r\n      \"id\": \"/subscriptions/2c224e7e-3ef5-431d-a57b-e71f4662e3a6/providers/Microsoft.ClassicNetwork\",\r\n      \"namespace\": \"Microsoft.ClassicNetwork\",\r\n      \"resourceTypes\": [\r\n        {\r\n          \"resourceType\": \"virtualNetworks\",\r\n          \"locations\": [\r\n            \"East Asia\",\r\n            \"Southeast Asia\",\r\n            \"East US\",\r\n            \"East US 2\",\r\n            \"West US\",\r\n            \"North Central US\",\r\n            \"South Central US\",\r\n            \"Central US\",\r\n            \"North Europe\",\r\n            \"West Europe\",\r\n            \"Japan East\",\r\n            \"Japan West\",\r\n            \"Brazil South\"\r\n          ],\r\n          \"apiVersions\": [\r\n            \"2014-06-01\",\r\n            \"2014-01-01\"\r\n          ]\r\n        },\r\n        {\r\n          \"resourceType\": \"quotas\",\r\n          \"locations\": [\r\n            \"\"\r\n          ],\r\n          \"apiVersions\": [\r\n            \"2014-06-01\",\r\n            \"2014-01-01\"\r\n          ]\r\n        }\r\n      ],\r\n      \"registrationState\": \"Registered\"\r\n    },\r\n    {\r\n      \"id\": \"/subscriptions/2c224e7e-3ef5-431d-a57b-e71f4662e3a6/providers/Microsoft.ClassicStorage\",\r\n      \"namespace\": \"Microsoft.ClassicStorage\",\r\n      \"resourceTypes\": [\r\n        {\r\n          \"resourceType\": \"storageAccounts\",\r\n          \"locations\": [\r\n            \"East Asia\",\r\n            \"Southeast Asia\",\r\n            \"East US\",\r\n            \"East US 2\",\r\n            \"West US\",\r\n            \"North Central US\",\r\n            \"South Central US\",\r\n            \"Central US\",\r\n            \"North Europe\",\r\n            \"West Europe\",\r\n            \"Japan East\",\r\n            \"Japan West\",\r\n            \"Brazil South\"\r\n          ],\r\n          \"apiVersions\": [\r\n            \"2014-06-01\",\r\n            \"2014-04-01\",\r\n            \"2014-01-01\"\r\n          ]\r\n        },\r\n        {\r\n          \"resourceType\": \"quotas\",\r\n          \"locations\": [\r\n            \"\"\r\n          ],\r\n          \"apiVersions\": [\r\n            \"2014-06-01\",\r\n            \"2014-01-01\"\r\n          ]\r\n        },\r\n        {\r\n          \"resourceType\": \"storageAccounts/services\",\r\n          \"locations\": [\r\n            \"West US\",\r\n            \"Central US\",\r\n            \"South Central US\",\r\n            \"Japan East\",\r\n            \"Japan West\",\r\n            \"East Asia\",\r\n            \"Southeast Asia\",\r\n            \"East US\",\r\n            \"East US 2\",\r\n            \"North Central US\",\r\n            \"North Europe\",\r\n            \"West Europe\",\r\n            \"Brazil South\"\r\n          ],\r\n          \"apiVersions\": [\r\n            \"2014-04-01\"\r\n          ]\r\n        },\r\n        {\r\n          \"resourceType\": \"storageAccounts/services/metricDefinitions\",\r\n          \"locations\": [\r\n            \"\"\r\n          ],\r\n          \"apiVersions\": [\r\n            \"2014-04-01\"\r\n          ]\r\n        },\r\n        {\r\n          \"resourceType\": \"storageAccounts/services/metrics\",\r\n          \"locations\": [\r\n            \"\"\r\n          ],\r\n          \"apiVersions\": [\r\n            \"2014-04-01\"\r\n          ]\r\n        },\r\n        {\r\n          \"resourceType\": \"storageAccounts/metricDefinitions\",\r\n          \"locations\": [\r\n            \"\"\r\n          ],\r\n          \"apiVersions\": [\r\n            \"2014-04-01\"\r\n          ]\r\n        },\r\n        {\r\n          \"resourceType\": \"storageAccounts/metrics\",\r\n          \"locations\": [\r\n            \"\"\r\n          ],\r\n          \"apiVersions\": [\r\n            \"2014-04-01\"\r\n          ]\r\n        }\r\n      ],\r\n      \"registrationState\": \"Registered\"\r\n    },\r\n    {\r\n      \"id\": \"/subscriptions/2c224e7e-3ef5-431d-a57b-e71f4662e3a6/providers/Microsoft.DataFactory\",\r\n      \"namespace\": \"Microsoft.DataFactory\",\r\n      \"resourceTypes\": [\r\n        {\r\n          \"resourceType\": \"dataFactories\",\r\n          \"locations\": [\r\n            \"West US\"\r\n          ],\r\n          \"apiVersions\": [\r\n            \"2014-08-01-preview\",\r\n            \"2014-07-01-preview\",\r\n            \"2014-05-01-preview\"\r\n          ]\r\n        }\r\n      ],\r\n      \"registrationState\": \"NotRegistered\"\r\n    },\r\n    {\r\n      \"id\": \"/subscriptions/2c224e7e-3ef5-431d-a57b-e71f4662e3a6/providers/Microsoft.DocumentDB\",\r\n      \"namespace\": \"Microsoft.DocumentDB\",\r\n      \"resourceTypes\": [\r\n        {\r\n          \"resourceType\": \"databaseAccounts\",\r\n          \"locations\": [\r\n            \"East US\",\r\n            \"West US\",\r\n            \"North Europe\",\r\n            \"West Europe\"\r\n          ],\r\n          \"apiVersions\": [\r\n            \"2014-08-21\",\r\n            \"2014-07-10\",\r\n            \"2014-04-01\"\r\n          ]\r\n        }\r\n      ],\r\n      \"registrationState\": \"NotRegistered\"\r\n    },\r\n    {\r\n      \"id\": \"/subscriptions/2c224e7e-3ef5-431d-a57b-e71f4662e3a6/providers/Microsoft.IntelligentSystems\",\r\n      \"namespace\": \"Microsoft.IntelligentSystems\",\r\n      \"resourceTypes\": [\r\n        {\r\n          \"resourceType\": \"accounts\",\r\n          \"locations\": [\r\n            \"West US\",\r\n            \"North Europe\"\r\n          ],\r\n          \"apiVersions\": [\r\n            \"2014-04-28-preview\"\r\n          ]\r\n        }\r\n      ],\r\n      \"registrationState\": \"NotRegistered\"\r\n    },\r\n    {\r\n      \"id\": \"/subscriptions/2c224e7e-3ef5-431d-a57b-e71f4662e3a6/providers/Microsoft.Resources\",\r\n      \"namespace\": \"Microsoft.Resources\",\r\n      \"resourceTypes\": [\r\n        {\r\n          \"resourceType\": \"subscriptions\",\r\n          \"locations\": [\r\n            \"\"\r\n          ],\r\n          \"apiVersions\": []\r\n        },\r\n        {\r\n          \"resourceType\": \"resourceGroups\",\r\n          \"locations\": [\r\n            \"centralus\",\r\n            \"eastasia\",\r\n            \"southeastasia\",\r\n            \"eastus\",\r\n            \"westus\",\r\n            \"northcentralus\",\r\n            \"southcentralus\",\r\n            \"northeurope\",\r\n            \"westeurope\"\r\n          ],\r\n          \"apiVersions\": []\r\n        }\r\n      ],\r\n      \"registrationState\": \"Registered\"\r\n    },\r\n    {\r\n      \"id\": \"/subscriptions/2c224e7e-3ef5-431d-a57b-e71f4662e3a6/providers/Microsoft.Search\",\r\n      \"namespace\": \"Microsoft.Search\",\r\n      \"resourceTypes\": [\r\n        {\r\n          \"resourceType\": \"searchServices\",\r\n          \"locations\": [\r\n            \"West US\",\r\n            \"East US\",\r\n            \"North Europe\",\r\n            \"Southeast Asia\"\r\n          ],\r\n          \"apiVersions\": [\r\n            \"2014-07-31-Preview\"\r\n          ]\r\n        }\r\n      ],\r\n      \"registrationState\": \"NotRegistered\"\r\n    },\r\n    {\r\n      \"id\": \"/subscriptions/2c224e7e-3ef5-431d-a57b-e71f4662e3a6/providers/Microsoft.Sql\",\r\n      \"namespace\": \"Microsoft.Sql\",\r\n      \"resourceTypes\": [\r\n        {\r\n          \"resourceType\": \"servers\",\r\n          \"locations\": [\r\n            \"Brazil South\",\r\n            \"Central US\",\r\n            \"East Asia\",\r\n            \"East US\",\r\n            \"East US 2\",\r\n            \"Japan East\",\r\n            \"Japan West\",\r\n            \"North Central US\",\r\n            \"North Europe\",\r\n            \"South Central US\",\r\n            \"Southeast Asia\",\r\n            \"West Europe\",\r\n            \"West US\"\r\n          ],\r\n          \"apiVersions\": []\r\n        },\r\n        {\r\n          \"resourceType\": \"servers/databases\",\r\n          \"locations\": [\r\n            \"Brazil South\",\r\n            \"Central US\",\r\n            \"East Asia\",\r\n            \"East US\",\r\n            \"East US 2\",\r\n            \"Japan East\",\r\n            \"Japan West\",\r\n            \"North Central US\",\r\n            \"North Europe\",\r\n            \"South Central US\",\r\n            \"Southeast Asia\",\r\n            \"West Europe\",\r\n            \"West US\"\r\n          ],\r\n          \"apiVersions\": []\r\n        },\r\n        {\r\n          \"resourceType\": \"servers/firewallrules\",\r\n          \"locations\": [\r\n            \"\"\r\n          ],\r\n          \"apiVersions\": []\r\n        },\r\n        {\r\n          \"resourceType\": \"servers/databaseSecurityPolicies\",\r\n          \"locations\": [\r\n            \"\"\r\n          ],\r\n          \"apiVersions\": []\r\n        },\r\n        {\r\n          \"resourceType\": \"servers/databaseSecurityMetrics\",\r\n          \"locations\": [\r\n            \"\"\r\n          ],\r\n          \"apiVersions\": []\r\n        },\r\n        {\r\n          \"resourceType\": \"servers/usages\",\r\n          \"locations\": [\r\n            \"\"\r\n          ],\r\n          \"apiVersions\": []\r\n        },\r\n        {\r\n          \"resourceType\": \"servers/databases/metricDefinitions\",\r\n          \"locations\": [\r\n            \"North Central US\",\r\n            \"South Central US\",\r\n            \"East US\",\r\n            \"East US 2\",\r\n            \"West US\",\r\n            \"Central US\",\r\n            \"East Asia\",\r\n            \"Southeast Asia\",\r\n            \"North Europe\",\r\n            \"West Europe\",\r\n            \"Japan East\",\r\n            \"Japan West\",\r\n            \"Brazil South\"\r\n          ],\r\n          \"apiVersions\": [\r\n            \"2014-04-01\"\r\n          ]\r\n        },\r\n        {\r\n          \"resourceType\": \"servers/databases/metrics\",\r\n          \"locations\": [\r\n            \"North Central US\",\r\n            \"South Central US\",\r\n            \"East US\",\r\n            \"East US 2\",\r\n            \"West US\",\r\n            \"Central US\",\r\n            \"East Asia\",\r\n            \"Southeast Asia\",\r\n            \"North Europe\",\r\n            \"West Europe\",\r\n            \"Japan East\",\r\n            \"Japan West\",\r\n            \"Brazil South\"\r\n          ],\r\n          \"apiVersions\": [\r\n            \"2014-04-01\"\r\n          ]\r\n        }\r\n      ],\r\n      \"registrationState\": \"Registered\"\r\n    },\r\n    {\r\n      \"id\": \"/subscriptions/2c224e7e-3ef5-431d-a57b-e71f4662e3a6/providers/microsoft.visualstudio\",\r\n      \"namespace\": \"microsoft.visualstudio\",\r\n      \"resourceTypes\": [\r\n        {\r\n          \"resourceType\": \"account\",\r\n          \"locations\": [\r\n            \"North Central US\"\r\n          ],\r\n          \"apiVersions\": [\r\n            \"2014-02-26\"\r\n          ]\r\n        },\r\n        {\r\n          \"resourceType\": \"account/project\",\r\n          \"locations\": [\r\n            \"North Central US\"\r\n          ],\r\n          \"apiVersions\": [\r\n            \"2014-02-26\"\r\n          ]\r\n        }\r\n      ],\r\n      \"registrationState\": \"Registered\"\r\n    },\r\n    {\r\n      \"id\": \"/subscriptions/2c224e7e-3ef5-431d-a57b-e71f4662e3a6/providers/Providers.Test\",\r\n      \"namespace\": \"Providers.Test\",\r\n      \"resourceTypes\": [\r\n        {\r\n          \"resourceType\": \"statelessResources\",\r\n          \"locations\": [\r\n            \"West US\",\r\n            \"East US\",\r\n            \"Central US\",\r\n            \"North Central US\",\r\n            \"South Central US\",\r\n            \"West Europe\",\r\n            \"North Europe\",\r\n            \"East Asia\",\r\n            \"Southeast Asia\"\r\n          ],\r\n          \"apiVersions\": [\r\n            \"2014-04-01\"\r\n          ]\r\n        },\r\n        {\r\n          \"resourceType\": \"statefulResources\",\r\n          \"locations\": [\r\n            \"West US\",\r\n            \"East US\",\r\n            \"Central US\",\r\n            \"North Central US\",\r\n            \"South Central US\",\r\n            \"West Europe\",\r\n            \"North Europe\",\r\n            \"East Asia\",\r\n            \"Southeast Asia\"\r\n          ],\r\n          \"apiVersions\": [\r\n            \"2014-04-01\"\r\n          ]\r\n        },\r\n        {\r\n          \"resourceType\": \"statefulResources/nestedResources\",\r\n          \"locations\": [\r\n            \"West US\",\r\n            \"East US\",\r\n            \"Central US\",\r\n            \"North Central US\",\r\n            \"South Central US\",\r\n            \"West Europe\",\r\n            \"North Europe\",\r\n            \"East Asia\",\r\n            \"Southeast Asia\"\r\n          ],\r\n          \"apiVersions\": [\r\n            \"2014-04-01\"\r\n          ]\r\n        },\r\n        {\r\n          \"resourceType\": \"operations\",\r\n          \"locations\": [\r\n            \"\"\r\n          ],\r\n          \"apiVersions\": [\r\n            \"2014-04-01\"\r\n          ]\r\n        }\r\n      ],\r\n      \"registrationState\": \"NotRegistered\"\r\n    }\r\n  ]\r\n}",
      "ResponseHeaders": {
        "Pragma": [
          "no-cache"
        ],
        "x-ms-ratelimit-remaining-subscription-reads": [
          "31894"
        ],
        "x-ms-request-id": [
          "58ca9d1a-0644-4eb5-99dc-d317cfd618bf"
        ],
        "x-ms-correlation-request-id": [
          "58ca9d1a-0644-4eb5-99dc-d317cfd618bf"
        ],
        "x-ms-routing-request-id": [
          "WESTUS:20140904T002924Z:58ca9d1a-0644-4eb5-99dc-d317cfd618bf"
        ],
        "Strict-Transport-Security": [
          "max-age=31536000; includeSubDomains"
        ],
        "Cache-Control": [
          "no-cache"
        ],
        "Date": [
          "Thu, 04 Sep 2014 00:29:24 GMT"
        ]
      },
      "StatusCode": 200
    },
    {
      "RequestUri": "/subscriptions/2c224e7e-3ef5-431d-a57b-e71f4662e3a6/resourcegroups/onesdk4869?api-version=2014-04-01-preview",
      "EncodedRequestUri": "L3N1YnNjcmlwdGlvbnMvMmMyMjRlN2UtM2VmNS00MzFkLWE1N2ItZTcxZjQ2NjJlM2E2L3Jlc291cmNlZ3JvdXBzL29uZXNkazQ4Njk/YXBpLXZlcnNpb249MjAxNC0wNC0wMS1wcmV2aWV3",
      "RequestMethod": "HEAD",
      "RequestBody": "",
      "RequestHeaders": {
        "User-Agent": [
          "Microsoft.Azure.Management.Resources.ResourceManagementClient/2.0.0.0"
        ]
      },
      "ResponseBody": "",
      "ResponseHeaders": {
        "Pragma": [
          "no-cache"
        ],
        "x-ms-ratelimit-remaining-subscription-reads": [
          "31893"
        ],
        "x-ms-request-id": [
          "49dbfa39-f1f5-48ea-aad9-edce66d581db"
        ],
        "x-ms-correlation-request-id": [
          "49dbfa39-f1f5-48ea-aad9-edce66d581db"
        ],
        "x-ms-routing-request-id": [
          "WESTUS:20140904T002925Z:49dbfa39-f1f5-48ea-aad9-edce66d581db"
        ],
        "Strict-Transport-Security": [
          "max-age=31536000; includeSubDomains"
        ],
        "Cache-Control": [
          "no-cache"
        ],
        "Date": [
          "Thu, 04 Sep 2014 00:29:24 GMT"
        ]
      },
      "StatusCode": 404
    },
    {
      "RequestUri": "/subscriptions/2c224e7e-3ef5-431d-a57b-e71f4662e3a6/resourcegroups/onesdk4869?api-version=2014-04-01-preview",
      "EncodedRequestUri": "L3N1YnNjcmlwdGlvbnMvMmMyMjRlN2UtM2VmNS00MzFkLWE1N2ItZTcxZjQ2NjJlM2E2L3Jlc291cmNlZ3JvdXBzL29uZXNkazQ4Njk/YXBpLXZlcnNpb249MjAxNC0wNC0wMS1wcmV2aWV3",
      "RequestMethod": "PUT",
      "RequestBody": "{\r\n  \"location\": \"West US\",\r\n  \"tags\": {}\r\n}",
      "RequestHeaders": {
        "User-Agent": [
          "Microsoft.Azure.Management.Resources.ResourceManagementClient/2.0.0.0"
        ]
      },
      "ResponseBody": "{\r\n  \"id\": \"/subscriptions/2c224e7e-3ef5-431d-a57b-e71f4662e3a6/resourceGroups/onesdk4869\",\r\n  \"name\": \"onesdk4869\",\r\n  \"location\": \"westus\",\r\n  \"tags\": {},\r\n  \"properties\": {\r\n    \"provisioningState\": \"Succeeded\"\r\n  }\r\n}",
      "ResponseHeaders": {
        "Pragma": [
          "no-cache"
        ],
        "x-ms-ratelimit-remaining-subscription-writes": [
          "1176"
        ],
        "x-ms-request-id": [
          "f29accdc-72f9-4a03-9d52-d382e62f5892"
        ],
        "x-ms-correlation-request-id": [
          "f29accdc-72f9-4a03-9d52-d382e62f5892"
        ],
        "x-ms-routing-request-id": [
          "WESTUS:20140904T002925Z:f29accdc-72f9-4a03-9d52-d382e62f5892"
        ],
        "Strict-Transport-Security": [
          "max-age=31536000; includeSubDomains"
        ],
        "Cache-Control": [
          "no-cache"
        ],
        "Date": [
          "Thu, 04 Sep 2014 00:29:25 GMT"
        ]
      },
      "StatusCode": 201
    },
    {
      "RequestUri": "/subscriptions/2c224e7e-3ef5-431d-a57b-e71f4662e3a6/resourceGroups/onesdk4869/resources?&api-version=2014-04-01-preview",
      "EncodedRequestUri": "L3N1YnNjcmlwdGlvbnMvMmMyMjRlN2UtM2VmNS00MzFkLWE1N2ItZTcxZjQ2NjJlM2E2L3Jlc291cmNlR3JvdXBzL29uZXNkazQ4NjkvcmVzb3VyY2VzPyZhcGktdmVyc2lvbj0yMDE0LTA0LTAxLXByZXZpZXc=",
      "RequestMethod": "GET",
      "RequestBody": "",
      "RequestHeaders": {
        "User-Agent": [
          "Microsoft.Azure.Management.Resources.ResourceManagementClient/2.0.0.0"
        ]
      },
      "ResponseBody": "{\r\n  \"value\": []\r\n}",
      "ResponseHeaders": {
        "Pragma": [
          "no-cache"
        ],
        "x-ms-ratelimit-remaining-subscription-reads": [
          "31892"
        ],
        "x-ms-request-id": [
          "d30cd14a-ac84-433f-9311-754a6ef58e6b"
        ],
        "x-ms-correlation-request-id": [
          "d30cd14a-ac84-433f-9311-754a6ef58e6b"
        ],
        "x-ms-routing-request-id": [
          "WESTUS:20140904T002926Z:d30cd14a-ac84-433f-9311-754a6ef58e6b"
        ],
        "Strict-Transport-Security": [
          "max-age=31536000; includeSubDomains"
        ],
        "Cache-Control": [
          "no-cache"
        ],
        "Date": [
          "Thu, 04 Sep 2014 00:29:25 GMT"
        ]
      },
      "StatusCode": 200
    },
    {
      "RequestUri": "/subscriptions/2c224e7e-3ef5-431d-a57b-e71f4662e3a6/resourcegroups/onesdk4869/providers/Microsoft.Authorization/permissions?api-version=2014-07-01-preview",
      "EncodedRequestUri": "L3N1YnNjcmlwdGlvbnMvMmMyMjRlN2UtM2VmNS00MzFkLWE1N2ItZTcxZjQ2NjJlM2E2L3Jlc291cmNlZ3JvdXBzL29uZXNkazQ4NjkvcHJvdmlkZXJzL01pY3Jvc29mdC5BdXRob3JpemF0aW9uL3Blcm1pc3Npb25zP2FwaS12ZXJzaW9uPTIwMTQtMDctMDEtcHJldmlldw==",
      "RequestMethod": "GET",
      "RequestBody": "",
      "RequestHeaders": {
        "User-Agent": [
          "Microsoft.Azure.Management.Authorization.AuthorizationManagementClient/0.9.0.0"
        ]
      },
      "ResponseBody": "{\r\n  \"value\": [\r\n    {\r\n      \"actions\": [\r\n        \"*\"\r\n      ],\r\n      \"notActions\": []\r\n    }\r\n  ]\r\n}",
      "ResponseHeaders": {
        "Pragma": [
          "no-cache"
        ],
        "x-ms-ratelimit-remaining-subscription-reads": [
          "31978"
        ],
        "x-ms-request-id": [
          "ae6e7037-c927-4ae0-bbc8-2ec42503d278"
        ],
        "x-ms-correlation-request-id": [
          "ae6e7037-c927-4ae0-bbc8-2ec42503d278"
        ],
        "x-ms-routing-request-id": [
          "WESTUS:20140904T002926Z:ae6e7037-c927-4ae0-bbc8-2ec42503d278"
        ],
        "Strict-Transport-Security": [
          "max-age=31536000; includeSubDomains"
        ],
        "Cache-Control": [
          "no-cache"
        ],
        "Date": [
          "Thu, 04 Sep 2014 00:29:26 GMT"
        ]
      },
      "StatusCode": 200
    },
    {
      "RequestUri": "/subscriptions/2c224e7e-3ef5-431d-a57b-e71f4662e3a6/resourcegroups/onesdk4869/providers/Microsoft.Web//sites/onesdk3428?api-version=2014-04-01",
      "EncodedRequestUri": "L3N1YnNjcmlwdGlvbnMvMmMyMjRlN2UtM2VmNS00MzFkLWE1N2ItZTcxZjQ2NjJlM2E2L3Jlc291cmNlZ3JvdXBzL29uZXNkazQ4NjkvcHJvdmlkZXJzL01pY3Jvc29mdC5XZWIvL3NpdGVzL29uZXNkazM0Mjg/YXBpLXZlcnNpb249MjAxNC0wNC0wMQ==",
      "RequestMethod": "GET",
      "RequestBody": "",
      "RequestHeaders": {
        "User-Agent": [
          "Microsoft.Azure.Management.Resources.ResourceManagementClient/2.0.0.0"
        ]
      },
      "ResponseBody": "{\r\n  \"error\": {\r\n    \"code\": \"ResourceNotFound\",\r\n    \"message\": \"Resource not found.\"\r\n  }\r\n}",
      "ResponseHeaders": {
        "Pragma": [
          "no-cache"
        ],
        "x-ms-request-id": [
          "2dc2a8e5-ea21-4964-8643-5c5e33b14d9b"
        ],
        "x-ms-correlation-request-id": [
          "2dc2a8e5-ea21-4964-8643-5c5e33b14d9b"
        ],
        "x-ms-routing-request-id": [
          "WESTUS:20140904T002927Z:2dc2a8e5-ea21-4964-8643-5c5e33b14d9b"
        ],
        "Strict-Transport-Security": [
          "max-age=31536000; includeSubDomains"
        ],
        "Cache-Control": [
          "no-cache"
        ],
        "Date": [
          "Thu, 04 Sep 2014 00:29:27 GMT"
        ]
      },
      "StatusCode": 404
    },
    {
      "RequestUri": "/subscriptions/2c224e7e-3ef5-431d-a57b-e71f4662e3a6/resourcegroups/onesdk4869/providers/Microsoft.Sql//servers/onesdk3428?api-version=2014-04-01",
      "EncodedRequestUri": "L3N1YnNjcmlwdGlvbnMvMmMyMjRlN2UtM2VmNS00MzFkLWE1N2ItZTcxZjQ2NjJlM2E2L3Jlc291cmNlZ3JvdXBzL29uZXNkazQ4NjkvcHJvdmlkZXJzL01pY3Jvc29mdC5TcWwvL3NlcnZlcnMvb25lc2RrMzQyOD9hcGktdmVyc2lvbj0yMDE0LTA0LTAx",
      "RequestMethod": "GET",
      "RequestBody": "",
      "RequestHeaders": {
        "User-Agent": [
          "Microsoft.Azure.Management.Resources.ResourceManagementClient/2.0.0.0"
        ]
      },
      "ResponseBody": "{\r\n  \"error\": {\r\n    \"code\": \"ResourceNotFound\",\r\n    \"message\": \"Resource not found.\"\r\n  }\r\n}",
      "ResponseHeaders": {
        "Pragma": [
          "no-cache"
        ],
        "x-ms-request-id": [
          "0d6d4e5b-b671-4dfa-8756-93696ebfcc64"
        ],
        "x-ms-correlation-request-id": [
          "0d6d4e5b-b671-4dfa-8756-93696ebfcc64"
        ],
        "x-ms-routing-request-id": [
          "WESTUS:20140904T002927Z:0d6d4e5b-b671-4dfa-8756-93696ebfcc64"
        ],
        "Strict-Transport-Security": [
          "max-age=31536000; includeSubDomains"
        ],
        "Cache-Control": [
          "no-cache"
        ],
        "Date": [
          "Thu, 04 Sep 2014 00:29:27 GMT"
        ]
      },
      "StatusCode": 404
    },
    {
      "RequestUri": "/subscriptions/2c224e7e-3ef5-431d-a57b-e71f4662e3a6/resourcegroups/onesdk4869/providers/Microsoft.Fake//nonexisting/onesdk3428?api-version=2014-04-01",
      "EncodedRequestUri": "L3N1YnNjcmlwdGlvbnMvMmMyMjRlN2UtM2VmNS00MzFkLWE1N2ItZTcxZjQ2NjJlM2E2L3Jlc291cmNlZ3JvdXBzL29uZXNkazQ4NjkvcHJvdmlkZXJzL01pY3Jvc29mdC5GYWtlLy9ub25leGlzdGluZy9vbmVzZGszNDI4P2FwaS12ZXJzaW9uPTIwMTQtMDQtMDE=",
      "RequestMethod": "GET",
      "RequestBody": "",
      "RequestHeaders": {
        "User-Agent": [
          "Microsoft.Azure.Management.Resources.ResourceManagementClient/2.0.0.0"
        ]
      },
      "ResponseBody": "{\r\n  \"error\": {\r\n    \"code\": \"InvalidResourceNamespace\",\r\n    \"message\": \"The resource namespace 'Microsoft.Fake' is invalid.\"\r\n  }\r\n}",
      "ResponseHeaders": {
        "Pragma": [
          "no-cache"
        ],
        "x-ms-request-id": [
          "5fc3c62a-29a3-4f72-8c7e-d7ece7db58a4"
        ],
        "x-ms-correlation-request-id": [
          "5fc3c62a-29a3-4f72-8c7e-d7ece7db58a4"
        ],
        "x-ms-routing-request-id": [
          "WESTUS:20140904T002927Z:5fc3c62a-29a3-4f72-8c7e-d7ece7db58a4"
        ],
        "Strict-Transport-Security": [
          "max-age=31536000; includeSubDomains"
        ],
        "Cache-Control": [
          "no-cache"
        ],
        "Date": [
          "Thu, 04 Sep 2014 00:29:27 GMT"
        ]
      },
      "StatusCode": 404
    }
  ],
  "Names": {
    "Test-GetResourceForNonExisingResource": [
      "onesdk4869",
      "onesdk3428"
    ]
  },
  "Variables": {
    "SubscriptionId": "2c224e7e-3ef5-431d-a57b-e71f4662e3a6"
  }
}